
Hexadecimal

Area                               Addr   Size   Decimal Bytes (Attributes)
--------------------------------   ----   ----   ------- ----- ------------
.  .ABS.                           0000   0000 =      0. bytes (ABS,CON)

      Value  Global
   --------  --------------------------------
     0000    l_BSEG
     0000    l_BSEG_BYTES
     0000    l_GSINIT
     0000    l_GSINIT1
     0000    l_GSINIT5
     0000    l_OSEG
     0000    l_PSEG
     0000    l_REG_BANK_1
     0000    l_REG_BANK_2
     0000    l_REG_BANK_3
     0000    l_RSEG
     0000    l_XINIT
     0000    l_XISEG
     0000    l__CODE
     0000    s_BSEG
     0000    s_DSEG
     0000    s_HOME
     0000    s_PSEG
     0000    s_REG_BANK_0
     0000    s_XSEG
     0000    s__CODE
     0003    l_GSFINAL
     0003    l_GSINIT0
     0003    l_HOME
     0003    s_GSINIT0
     0006    s_GSINIT1
     0006    s_GSINIT2
     0008    l_REG_BANK_0
     0008    s_REG_BANK_1
     000A    l_GSINIT2
     0010    s_GSINIT3
     0010    s_REG_BANK_2
     0018    s_REG_BANK_3
     0020    s_BIT_BANK
     0020    s_BSEG_BYTES
     0021    s_OSEG
     0021    s_RSEG
     0021    s_SSEG
     0022    l_GSINIT3
     002A    l_GSINIT4
     0032    s_GSINIT4
     005C    s_GSFINAL
     005C    s_GSINIT
     005C    s_GSINIT5
     005F    s_CSEG
     0060    l_BIT_BANK
     0073    l_DSEG
     0080    _P0
     0080    _P0_0
     0080    s_ISEG
     0081    _P0_1
     0081    _SP
     0082    _DPL
     0082    _P0_2
     0083    _DPH
     0083    _P0_3
     0084    _P0_4
     0085    _P0_5
     0086    _P0_6
     0087    _P0_7
     0087    _PCON
     0088    _IT0
     0088    _TCON
     0089    _IE0
     0089    _TMOD
     008A    _IT1
     008A    _TL0
     008B    _IE1
     008B    _TL1
     008C    _TH0
     008C    _TR0
     008D    _TF0
     008D    _TH1
     008E    _AUXR
     008E    _TR1
     008F    _CKCKON0
     008F    _TF1
     0090    _P1
     0090    _P1_0
     0091    _P1_1
     0092    _P1_2
     0093    _P1_3
     0094    _P1_4
     0095    _P1_5
     0096    _P1_6
     0097    _CKRL
     0097    _P1_7
     0098    _RI
     0098    _SCON
     0099    _SBUF
     0099    _TI
     009A    _BRL
     009A    _RB8
     009B    _BDRCON
     009B    _TB8
     009C    _KBLS
     009C    _REN
     009D    _KBE
     009D    _SM2
     009E    _KBF
     009E    _SM1
     009F    _SM0
     00A0    _P2
     00A0    _P2_0
     00A0    __XPAGE
     00A1    _P2_1
     00A2    _AUXR1
     00A2    _P2_2
     00A3    _P2_3
     00A4    _P2_4
     00A5    _P2_5
     00A6    _P2_6
     00A6    _WDTRST
     00A7    _P2_7
     00A7    _WDTPRG
     00A8    _EX0
     00A8    _IE
     00A8    _IEN0
     00A9    _ET0
     00A9    _SADDR
     00AA    _EX1
     00AB    _ET1
     00AC    _ES
     00AD    _ET2
     00AE    _EC
     00AF    _CKCKON1
     00AF    _EA
     00B0    _P3
     00B0    _P3_0
     00B0    _RXD
     00B1    _IEN1
     00B1    _P3_1
     00B1    _TXD
     00B2    _INT0
     00B2    _IPL1
     00B2    _P3_2
     00B3    _INT1
     00B3    _IPH1
     00B3    _P3_3
     00B4    _P3_4
     00B4    _T0
     00B5    _P3_5
     00B5    _T1
     00B6    _P3_6
     00B6    _WR
     00B7    _IPH0
     00B7    _P3_7
     00B7    _RD
     00B8    _IP
     00B8    _IPL0
     00B8    _PX0
     00B8    _PX0L
     00B9    _PT0
     00B9    _PT0L
     00B9    _SADEN
     00BA    _PX1
     00BA    _PX1L
     00BB    _PT1
     00BB    _PT1L
     00BC    _PLS
     00BC    _PS
     00BD    _PT2
     00BD    _PT2L
     00BE    _PPCL
     00C0    _P4
     00C0    _P4_0
     00C1    _P4_1
     00C2    _P4_2
     00C3    _P4_3
     00C3    _SPCON
     00C4    _P4_4
     00C4    _SPSTA
     00C5    _P4_5
     00C5    _SPDAT
     00C6    _P4_6
     00C7    _P4_7
     00C8    _CP_RL2
     00C8    _T2CON
     00C8    _T2CON_0
     00C9    _C_T2
     00C9    _T2CON_1
     00C9    _T2MOD
     00CA    _RCAP2L
     00CA    _T2CON_2
     00CA    _TR2
     00CB    _EXEN2
     00CB    _RCAP2H
     00CB    _T2CON_3
     00CC    _T2CON_4
     00CC    _TCLK
     00CC    _TL2
     00CD    _RCLK
     00CD    _T2CON_5
     00CD    _TH2
     00CE    _EXF2
     00CE    _T2CON_6
     00CF    _T2CON_7
     00CF    _TF2
     00D0    _P
     00D0    _PSW
     00D1    _F1
     00D2    _EECON
     00D2    _OV
     00D3    _RS0
     00D4    _RS1
     00D5    _F0
     00D5    l_XSEG
     00D5    s_XISEG
     00D6    _AC
     00D7    _CY
     00D8    _CCF0
     00D8    _CCON
     00D8    _P5
     00D8    _P5_0
     00D9    _CCF1
     00D9    _CMOD
     00D9    _P5_1
     00DA    _CCAPM0
     00DA    _CCF2
     00DA    _P5_2
     00DB    _CCAPM1
     00DB    _CCF3
     00DB    _P5_3
     00DC    _CCAPM2
     00DC    _CCF4
     00DC    _P5_4
     00DD    _CCAPM3
     00DD    _P5_5
     00DE    _CCAPM4
     00DE    _CR
     00DE    _P5_6
     00DF    _CF
     00DF    _P5_7
     00DF    l_ISEG
     00DF    l_SSEG
     00E0    _ACC
     00E9    _CL
     00EA    _CCAP0L
     00EB    _CCAP1L
     00EC    _CCAP2L
     00ED    _CCAP3L
     00EE    _CCAP4L
     00F0    _B
     00F5    _B_5
     00F6    _B_6
     00F7    _B_7
     00F9    _CH
     00FA    _CCAP0H
     00FB    _CCAP1H
     00FC    _CCAP2H
     00FD    _CCAP3H
     00FE    _CCAP4H
     0100    l_IRAM
     1000    _CardType
     132B    l_CONST
     2000    _SDCard
     3000    _xbuffer
     626F    l_CSEG
     62CE    s_CONST
     75F9    s_XINIT

Hexadecimal

Area                               Addr   Size   Decimal Bytes (Attributes)
--------------------------------   ----   ----   ------- ----- ------------
_CODE                              0000   0000 =      0. bytes (REL,CON)

Hexadecimal

Area                               Addr   Size   Decimal Bytes (Attributes)
--------------------------------   ----   ----   ------- ----- ------------
REG_BANK_0                         0000   0008 =      8. bytes (REL,OVR)

Hexadecimal

Area                               Addr   Size   Decimal Bytes (Attributes)
--------------------------------   ----   ----   ------- ----- ------------
REG_BANK_1                         0008   0000 =      0. bytes (REL,OVR)

Hexadecimal

Area                               Addr   Size   Decimal Bytes (Attributes)
--------------------------------   ----   ----   ------- ----- ------------
REG_BANK_2                         0010   0000 =      0. bytes (REL,OVR)

Hexadecimal

Area                               Addr   Size   Decimal Bytes (Attributes)
--------------------------------   ----   ----   ------- ----- ------------
REG_BANK_3                         0018   0000 =      0. bytes (REL,OVR)

Hexadecimal

Area                               Addr   Size   Decimal Bits  (Attributes)
--------------------------------   ----   ----   ------- ----- ------------
BSEG                               0000   0000 =      0. bits  (REL,CON,BIT)

Hexadecimal

Area                               Addr   Size   Decimal Bytes (Attributes)
--------------------------------   ----   ----   ------- ----- ------------
BSEG_BYTES                         0020   0000 =      0. bytes (REL,CON)

Hexadecimal

Area                               Addr   Size   Decimal Bytes (Attributes)
--------------------------------   ----   ----   ------- ----- ------------
BIT_BANK                           0020   0060 =     96. bytes (REL,OVR)

Hexadecimal

Area                               Addr   Size   Decimal Bytes (Attributes)
--------------------------------   ----   ----   ------- ----- ------------
DSEG                               0000   0073 =    115. bytes (REL,CON)

      Value  Global
   --------  --------------------------------
     0010    _bp

Hexadecimal

Area                               Addr   Size   Decimal Bytes (Attributes)
--------------------------------   ----   ----   ------- ----- ------------
OSEG                               0021   0000 =      0. bytes (REL,OVR)

Hexadecimal

Area                               Addr   Size   Decimal Bytes (Attributes)
--------------------------------   ----   ----   ------- ----- ------------
ISEG                               0080   00DF =    223. bytes (REL,CON)

Hexadecimal

Area                               Addr   Size   Decimal Bytes (Attributes)
--------------------------------   ----   ----   ------- ----- ------------
SSEG                               0021   00DF =    223. bytes (REL,OVR)

      Value  Global
   --------  --------------------------------
     0021    __start__stack

Hexadecimal

Area                               Addr   Size   Decimal Bytes (Attributes)
--------------------------------   ----   ----   ------- ----- ------------
RSEG                               0021   0000 =      0. bytes (REL,CON)

Hexadecimal

Area                               Addr   Size   Decimal Bytes (Attributes)
--------------------------------   ----   ----   ------- ----- ------------
PSEG                               0000   0000 =      0. bytes (REL,CON,PAG,XDATA)

Hexadecimal

Area                               Addr   Size   Decimal Bytes (Attributes)
--------------------------------   ----   ----   ------- ----- ------------
XSEG                               0000   00D5 =    213. bytes (REL,CON,XDATA)

      Value  Global
   --------  --------------------------------
  0D:00D4    _Stat

Hexadecimal

Area                               Addr   Size   Decimal Bytes (Attributes)
--------------------------------   ----   ----   ------- ----- ------------
XISEG                              00D5   0000 =      0. bytes (REL,CON,XDATA)

Hexadecimal

Area                               Addr   Size   Decimal Bytes (Attributes)
--------------------------------   ----   ----   ------- ----- ------------
HOME                               0000   0003 =      3. bytes (REL,CON,CODE)

Hexadecimal

Area                               Addr   Size   Decimal Bytes (Attributes)
--------------------------------   ----   ----   ------- ----- ------------
GSINIT0                            0003   0003 =      3. bytes (REL,CON,CODE)

      Value  Global
   --------  --------------------------------
  0C:0003    __sdcc_gsinit_startup

Hexadecimal

Area                               Addr   Size   Decimal Bytes (Attributes)
--------------------------------   ----   ----   ------- ----- ------------
GSINIT1                            0006   0000 =      0. bytes (REL,CON,CODE)

Hexadecimal

Area                               Addr   Size   Decimal Bytes (Attributes)
--------------------------------   ----   ----   ------- ----- ------------
GSINIT2                            0006   000A =     10. bytes (REL,CON,CODE)

Hexadecimal

Area                               Addr   Size   Decimal Bytes (Attributes)
--------------------------------   ----   ----   ------- ----- ------------
GSINIT3                            0010   0022 =     34. bytes (REL,CON,CODE)

      Value  Global
   --------  --------------------------------
  0C:0010    __mcs51_genXINIT

Hexadecimal

Area                               Addr   Size   Decimal Bytes (Attributes)
--------------------------------   ----   ----   ------- ----- ------------
GSINIT4                            0032   002A =     42. bytes (REL,CON,CODE)

      Value  Global
   --------  --------------------------------
  0C:0032    __mcs51_genRAMCLEAR
  0C:0038    __mcs51_genXRAMCLEAR

Hexadecimal

Area                               Addr   Size   Decimal Bytes (Attributes)
--------------------------------   ----   ----   ------- ----- ------------
GSINIT5                            005C   0000 =      0. bytes (REL,CON,CODE)

Hexadecimal

Area                               Addr   Size   Decimal Bytes (Attributes)
--------------------------------   ----   ----   ------- ----- ------------
GSINIT                             005C   0000 =      0. bytes (REL,CON,CODE)

Hexadecimal

Area                               Addr   Size   Decimal Bytes (Attributes)
--------------------------------   ----   ----   ------- ----- ------------
GSFINAL                            005C   0003 =      3. bytes (REL,CON,CODE)

Hexadecimal

Area                               Addr   Size   Decimal Bytes (Attributes)
--------------------------------   ----   ----   ------- ----- ------------
CSEG                               005F   626F =  25199. bytes (REL,CON,CODE)

      Value  Global
   --------  --------------------------------
  0C:005F    _i2c_start
  0C:006A    _i2c_stop
  0C:0075    _i2c_clock
  0C:007D    _get_i2c_bit
  0C:008E    _put_i2c_byte
  0C:00AC    _get_i2c_byte
  0C:00D3    _i2cSend
  0C:0109    _i2cReceive
  0C:0167    _ioebytew
  0C:01A0    _ioebyter
  0C:01C3    _send_command
  0C:01E1    _lcdinit
  0C:021D    _lcdgotoaddr
  0C:0227    _lcdgotoxy
  0C:027A    _lcdputch
  0C:031D    _lcdputstr_currloc
  0C:0348    _lcdputstr
  0C:0397    _get_lcd_addr
  0C:03AD    _SPI_Byte
  0C:03B9    _SPI_nClocks
  0C:03CC    _STA013ReadReg
  0C:03D9    _STA013WriteReg
  0C:0404    _STA013DownloadUpdate
  0C:0458    _STA013Init
  0C:0485    _STA013StartDecoder
  0C:05A1    _STA013StopDecoder
  0C:05C5    _STA013PauseDecoder
  0C:05DD    _STA013ResumeDecoder
  0C:05F5    _STA013GetMP3Info
  0C:0682    _STA013GetAverageBitrate
  0C:0694    _STA013SetVolume
  0C:078A    _STA013SetTone
  0C:08BA    _putchar
  0C:08C3    _getchar
  0C:08CC    _atoi
  0C:09E0    _atox
  0C:0B33    _getnumber
  0C:0C63    _getnumbetween
  0C:0D0B    _disk_initialize
  0C:0D2C    _disk_status
  0C:0D3E    _disk_read
  0C:0DA4    _disk_mp3_read
  0C:0E13    _disk_txt_read
  0C:0E82    _disk_write
  0C:0EE8    _disk_ioctl
  0C:0F35    _SD_PrintTXT
  0C:0FDB    _SD_ReadMP3
  0C:1348    _SD_Command
  0C:13CD    _SD_GetByte
  0C:13F2    _SD_GetWord
  0C:141D    _Delay
  0C:1441    _SD_Init
  0C:15D7    _SD_ReadSector
  0C:1699    _SD_WriteSector
  0C:173C    _SD_WaitForReady
  0C:3347    _f_mount
  0C:33BF    _f_open
  0C:3688    _f_read
  0C:3DC2    _f_mp3_read
  0C:44FC    _f_txt_read
  0C:4C36    _f_close
  0C:4CB1    _f_lseek
  0C:5157    _f_opendir
  0C:535E    _f_readdir
  0C:55C6    __sdcc_external_startup
  0C:55E0    __sdcc_program_startup
  0C:55E5    _main
  0C:56CE    _ChooseFile
  0C:5DD9    _MAX
  0C:5E02    _MIN
  0C:5E2B    _clrvtscreen
  0C:5E4A    _blanklines
  0C:5E6E    _entercontinue
  0C:5E86    _starlines
  0C:5EA4    __gptrput
  0C:5EBD    _printf_tiny
  0C:5FC5    __mulint
  0C:5FC5    __mulint_dummy
  0C:5FE7    _memcmp
  0C:60A4    __divulong
  0C:60AA    __divlong
  0C:6111    _memset
  0C:617C    _memcpy
  0C:621A    _strlen
  0C:6242    __gptrget
  0C:625E    __mullong
  0C:625E    __mullong_dummy

Hexadecimal

Area                               Addr   Size   Decimal Bytes (Attributes)
--------------------------------   ----   ----   ------- ----- ------------
CONST                              62CE   132B =   4907. bytes (REL,CON,CODE)

Hexadecimal

Area                               Addr   Size   Decimal Bytes (Attributes)
--------------------------------   ----   ----   ------- ----- ------------
XINIT                              75F9   0000 =      0. bytes (REL,CON,CODE)
ASxxxx Linker V01.70 + NoICE + SDCC Feb 1999,  page 1.

Files Linked      [ module(s) ]

obj\Release\Drivers\driver_i2c.rel
obj\Release\Drivers\driver_ioexpander.rel
obj\Release\Drivers\driver_lcd.rel
obj\Release\Drivers\driver_spi.rel
obj\Release\Drivers\driver_sta013.rel
obj\Release\Drivers\serio.rel
obj\Release\FatDrivers\diskio.rel
obj\Release\FatDrivers\sd.rel
obj\Release\FatDrivers\tff.rel
obj\Release\initialization.rel
obj\Release\main.rel
obj\Release\repfunctions.rel
obj\Release\timers.rel

Libraries Linked            [   object  file   ]

C:\Program Files (x86)\SDCC\bin\..\lib\small-stack-auto/mcs51.lib    [     crtclear.rel ]
C:\Program Files (x86)\SDCC\bin\..\lib\small-stack-auto/mcs51.lib    [     crtxinit.rel ]
C:\Program Files (x86)\SDCC\bin\..\lib\small-stack-auto/libsdcc.lib    [         _gptrput ]
C:\Program Files (x86)\SDCC\bin\..\lib\small-stack-auto/libsdcc.lib    [      printf_tiny ]
C:\Program Files (x86)\SDCC\bin\..\lib\small-stack-auto/libint.lib    [          _mulint ]
C:\Program Files (x86)\SDCC\bin\..\lib\small-stack-auto/libsdcc.lib    [          _memcmp ]
C:\Program Files (x86)\SDCC\bin\..\lib\small-stack-auto/mcs51.lib    [    crtxclear.rel ]
C:\Program Files (x86)\SDCC\bin\..\lib\small-stack-auto/liblong.lib    [    _divulong.rel ]
C:\Program Files (x86)\SDCC\bin\..\lib\small-stack-auto/libsdcc.lib    [          _memset ]
C:\Program Files (x86)\SDCC\bin\..\lib\small-stack-auto/libsdcc.lib    [          _memcpy ]
C:\Program Files (x86)\SDCC\bin\..\lib\small-stack-auto/libsdcc.lib    [              _bp ]
C:\Program Files (x86)\SDCC\bin\..\lib\small-stack-auto/mcs51.lib    [   crtpagesfr.rel ]
C:\Program Files (x86)\SDCC\bin\..\lib\small-stack-auto/libsdcc.lib    [          _strlen ]
C:\Program Files (x86)\SDCC\bin\..\lib\small-stack-auto/mcs51.lib    [     crtstart.rel ]
C:\Program Files (x86)\SDCC\bin\..\lib\small-stack-auto/libsdcc.lib    [         _gptrget ]
C:\Program Files (x86)\SDCC\bin\..\lib\small-stack-auto/liblong.lib    [     _mullong.rel ]

ASxxxx Linker V01.70 + NoICE + SDCC Feb 1999,  page 2.

User Base Address Definitions

HOME = 0x0000
ISEG = 0x0080
BSEG = 0x0000

